Solution:
1 8 6 9 4 5 2 3 7 
3 2 7 6 1 8 5 4 9 
4 5 9 7 3 2 8 1 6 
2 6 1 4 8 9 7 5 3 
8 9 4 3 5 7 6 2 1 
5 7 3 1 2 6 9 8 4 
6 4 8 5 9 3 1 7 2 
9 3 5 2 7 1 4 6 8 
7 1 2 8 6 4 3 9 5 
